Warning: You are sending unauthenticated requests to the HF Hub. Please set a HF_TOKEN to enable higher rate limits and faster downloads.
activation batches=1/383
activation batches=51/383
activation batches=101/383
activation batches=151/383
activation batches=201/383
activation batches=251/383
activation batches=301/383
activation batches=351/383
multiview batches=1/256
multiview batches=51/256
multiview batches=101/256
multiview batches=151/256
multiview batches=201/256
multiview batches=251/256
localized batches=1/766
localized batches=51/766
localized batches=101/766
localized batches=151/766
localized batches=201/766
localized batches=251/766
localized batches=301/766
localized batches=351/766
localized batches=401/766
localized batches=451/766
localized batches=501/766
localized batches=551/766
localized batches=601/766
localized batches=651/766
localized batches=701/766
localized batches=751/766
saved=/home/omote/strict_imagenet_o/autonomous_sota/final_results/pulse_locked/scores/ssb_hard.rank0.npz rows=12250
